
> frontend@0.1.0 dev
> next dev -p 8061

   ▲ Next.js 15.5.2
   - Local:        http://localhost:8061
   - Network:      http://192.168.0.101:8061
   - Environments: .env.local

 ✓ Starting...
 ✓ Ready in 1439ms
 ○ Compiling / ...
 ✓ Compiled / in 1257ms (666 modules)
 GET / 200 in 1626ms
 ○ Compiling /modulo-financiero ...
 ✓ Compiled /modulo-financiero in 1840ms (695 modules)
 GET /modulo-financiero 200 in 2477ms
 ○ Compiling /login ...
 ✓ Compiled /login in 1138ms (705 modules)
 GET /login 200 in 1445ms
 GET / 200 in 1076ms
 GET /login 200 in 70ms
 GET / 200 in 31ms
 ⚠ Cross origin request detected from coofisam360-frontend.ngrok.io to /_next/* resource. In a future major version of Next.js, you will need to explicitly configure "allowedDevOrigins" in next.config to allow this.
Read more: https://nextjs.org/docs/app/api-reference/config/next-config-js/allowedDevOrigins
 ✓ Compiled /modulo-talento in 283ms (713 modules)
 GET /modulo-talento 200 in 355ms
 ✓ Compiled /modulo-talento/carpeta-formador-talento in 406ms (732 modules)
 GET /modulo-talento/carpeta-formador-talento 200 in 551ms
 ○ Compiling /modulo-talento/carpeta-formador-talento/tabla-costo-beneficio ...
 ⨯ ./app/services/modulo-talento/carpeta-formador-talento/costoBeneficioQuota.js:12:1
Module not found: Can't resolve 'uuid'
  10 |   fmtMoneyCOP,
  11 | } from "./talentHelpers";
> 12 | import { v4 as uuidv4 } from "uuid";
     | ^
  13 |
  14 | export async function listCostoBeneficioQuota(params = {}) {
  15 |   const raw = await listCostoBeneficioRaw(params);

https://nextjs.org/docs/messages/module-not-found

Import trace for requested module:
./app/modulo-talento/carpeta-formador-talento/tabla-costo-beneficio/page.js
 ⨯ ./app/services/modulo-talento/carpeta-formador-talento/costoBeneficioQuota.js:12:1
Module not found: Can't resolve 'uuid'
  10 |   fmtMoneyCOP,
  11 | } from "./talentHelpers";
> 12 | import { v4 as uuidv4 } from "uuid";
     | ^
  13 |
  14 | export async function listCostoBeneficioQuota(params = {}) {
  15 |   const raw = await listCostoBeneficioRaw(params);

https://nextjs.org/docs/messages/module-not-found

Import trace for requested module:
./app/modulo-talento/carpeta-formador-talento/tabla-costo-beneficio/page.js
 ⨯ ./app/services/modulo-talento/carpeta-formador-talento/costoBeneficioQuota.js:12:1
Module not found: Can't resolve 'uuid'
  10 |   fmtMoneyCOP,
  11 | } from "./talentHelpers";
> 12 | import { v4 as uuidv4 } from "uuid";
     | ^
  13 |
  14 | export async function listCostoBeneficioQuota(params = {}) {
  15 |   const raw = await listCostoBeneficioRaw(params);

https://nextjs.org/docs/messages/module-not-found

Import trace for requested module:
./app/modulo-talento/carpeta-formador-talento/tabla-costo-beneficio/page.js
 GET /modulo-talento/carpeta-formador-talento/tabla-costo-beneficio 500 in 2148ms
 GET /login 500 in 267ms
 GET /login 500 in 19ms
 GET /modulo-talento/carpeta-formador-talento/tabla-costo-beneficio 500 in 31ms
 GET /login 500 in 23ms
 GET /modulo-talento/carpeta-formador-talento/tabla-costo-beneficio 500 in 21ms
 GET /modulo-talento/carpeta-formador-talento/tabla-costo-beneficio 500 in 49ms
 GET /modulo-talento/carpeta-formador-talento 500 in 15ms
 ⨯ ./app/services/modulo-talento/carpeta-formador-talento/costoBeneficioQuota.js:12:1
Module not found: Can't resolve 'uuid'
  10 |   fmtMoneyCOP,
  11 | } from "./talentHelpers";
> 12 | import { v4 as uuidv4 } from "uuid";
     | ^
  13 |
  14 | export async function listCostoBeneficioQuota(params = {}) {
  15 |   const raw = await listCostoBeneficioRaw(params);

https://nextjs.org/docs/messages/module-not-found

Import trace for requested module:
./app/modulo-talento/carpeta-formador-talento/tabla-costo-beneficio/page.js
 GET /modulo-talento/carpeta-formador-talento 500 in 1147ms
 GET /modulo-talento/carpeta-disciplinario/tabla-control-disciplinario 500 in 1156ms
 GET /login 500 in 26ms
 GET /modulo-talento 500 in 26ms
 GET / 500 in 20ms
 ⨯ ./app/services/modulo-talento/carpeta-formador-talento/costoBeneficioQuota.js:12:1
Module not found: Can't resolve 'uuid'
  10 |   fmtMoneyCOP,
  11 | } from "./talentHelpers";
> 12 | import { v4 as uuidv4 } from "uuid";
     | ^
  13 |
  14 | export async function listCostoBeneficioQuota(params = {}) {
  15 |   const raw = await listCostoBeneficioRaw(params);

https://nextjs.org/docs/messages/module-not-found

Import trace for requested module:
./app/modulo-talento/carpeta-formador-talento/tabla-costo-beneficio/page.js
 GET /modulo-talento/carpeta-disciplinario 500 in 645ms
 GET / 500 in 13ms
cursor-agent not found, installing via https://cursor.com/install ...
tput: No value for $TERM and no -T specified
 GET / 500 in 20ms
 ⨯ ./app/services/modulo-talento/carpeta-formador-talento/costoBeneficioQuota.js:12:1
Module not found: Can't resolve 'uuid'
  10 |   fmtMoneyCOP,
  11 | } from "./talentHelpers";
> 12 | import { v4 as uuidv4 } from "uuid";
     | ^
  13 |
  14 | export async function listCostoBeneficioQuota(params = {}) {
  15 |   const raw = await listCostoBeneficioRaw(params);

https://nextjs.org/docs/messages/module-not-found

Import trace for requested module:
./app/modulo-talento/carpeta-formador-talento/tabla-costo-beneficio/page.js
 ⨯ ./app/services/modulo-talento/carpeta-formador-talento/costoBeneficioQuota.js:12:1
Module not found: Can't resolve 'uuid'
  10 |   fmtMoneyCOP,
  11 | } from "./talentHelpers";
> 12 | import { v4 as uuidv4 } from "uuid";
     | ^
  13 |
  14 | export async function listCostoBeneficioQuota(params = {}) {
  15 |   const raw = await listCostoBeneficioRaw(params);

https://nextjs.org/docs/messages/module-not-found

Import trace for requested module:
./app/modulo-talento/carpeta-formador-talento/tabla-costo-beneficio/page.js
 ⨯ ./app/services/modulo-talento/carpeta-formador-talento/costoBeneficioQuota.js:12:1
Module not found: Can't resolve 'uuid'
  10 |   fmtMoneyCOP,
  11 | } from "./talentHelpers";
> 12 | import { v4 as uuidv4 } from "uuid";
     | ^
  13 |
  14 | export async function listCostoBeneficioQuota(params = {}) {
  15 |   const raw = await listCostoBeneficioRaw(params);

https://nextjs.org/docs/messages/module-not-found

Import trace for requested module:
./app/modulo-talento/carpeta-formador-talento/tabla-costo-beneficio/page.js
 ✓ Compiled /modulo-talento/carpeta-disciplinario in 185ms (463 modules)
 ⚠ Fast Refresh had to perform a full reload due to a runtime error.
 GET / 200 in 285ms
 GET / 200 in 31ms
 ⚠ Fast Refresh had to perform a full reload. Read more: https://nextjs.org/docs/messages/fast-refresh-reload
 ✓ Compiled /modulo-talento/carpeta-disciplinario/tabla-control-disciplinario in 324ms (648 modules)
 ⚠ Fast Refresh had to perform a full reload due to a runtime error.
 GET /login 200 in 423ms
 GET /login 200 in 86ms
 GET /modulo-talento/carpeta-disciplinario/tabla-control-disciplinario 200 in 89ms
 ⚠ Fast Refresh had to perform a full reload. Read more: https://nextjs.org/docs/messages/fast-refresh-reload
 GET /modulo-talento/carpeta-disciplinario/tabla-control-disciplinario 200 in 53ms
 ✓ Compiled /modulo-talento/carpeta-formador-talento/tabla-costo-beneficio in 482ms (660 modules)
 GET /modulo-talento/carpeta-formador-talento/tabla-costo-beneficio 200 in 815ms
 GET /modulo-talento 200 in 26ms
 ✓ Compiled in 433ms (1123 modules)
 GET /login 200 in 69ms
 GET /modulo-talento 200 in 80ms
 GET /modulo-talento/carpeta-disciplinario/tabla-control-disciplinario 200 in 33ms
 GET /modulo-talento/carpeta-formador-talento 200 in 38ms
 ○ Compiling /modulo-talento/carpeta-formador-talento/tabla-formacion ...
 ✓ Compiled /modulo-talento/carpeta-formador-talento/tabla-formacion in 742ms (1112 modules)
 GET /modulo-talento/carpeta-formador-talento/tabla-formacion 200 in 870ms
 ✓ Compiled /modulo-talento/carpeta-formador-talento/tabla-costo-beneficio in 201ms (666 modules)
 GET /modulo-talento/carpeta-formador-talento/tabla-costo-beneficio 200 in 280ms
 GET /modulo-talento/carpeta-formador-talento/tabla-costo-beneficio 200 in 26ms
 GET /modulo-talento/carpeta-formador-talento 200 in 175ms
 ✓ Compiled in 631ms (1122 modules)
 GET /modulo-talento/carpeta-formador-talento 200 in 95ms
 GET /modulo-talento/carpeta-disciplinario/tabla-control-disciplinario 200 in 35ms
 GET /login 200 in 35ms
 ✓ Compiled in 109ms (466 modules)
 GET /modulo-talento/carpeta-disciplinario/tabla-control-disciplinario 200 in 51ms
 GET /modulo-talento/carpeta-formador-talento 200 in 54ms
 GET /login 200 in 31ms
 ✓ Compiled in 107ms (466 modules)
 GET /modulo-talento/carpeta-disciplinario/tabla-control-disciplinario 200 in 40ms
 GET /modulo-talento/carpeta-formador-talento 200 in 41ms
 GET /login 200 in 23ms
 ✓ Compiled in 108ms (466 modules)
 GET /login 200 in 26ms
 GET /modulo-talento/carpeta-formador-talento 200 in 44ms
 GET /modulo-talento/carpeta-disciplinario/tabla-control-disciplinario 200 in 24ms
 ✓ Compiled in 702ms (1122 modules)
 GET /modulo-talento/carpeta-disciplinario/tabla-control-disciplinario 200 in 113ms
 GET /modulo-talento/carpeta-formador-talento 200 in 113ms
 GET /login 200 in 30ms
 ✓ Compiled in 424ms (1122 modules)
 GET /modulo-talento/carpeta-disciplinario/tabla-control-disciplinario 200 in 107ms
 GET /modulo-talento/carpeta-formador-talento 200 in 105ms
 GET /login 200 in 29ms
 ✓ Compiled in 313ms (1122 modules)
 GET /login 200 in 62ms
 GET /modulo-talento/carpeta-disciplinario/tabla-control-disciplinario 200 in 102ms
 GET /modulo-talento/carpeta-formador-talento 200 in 101ms
 GET /modulo-talento/carpeta-formador-talento 200 in 168ms
 GET /modulo-talento/carpeta-formador-talento 200 in 44ms
 GET /modulo-talento/carpeta-formador-talento 200 in 44ms
 GET /modulo-talento/carpeta-formador-talento 200 in 45ms
 GET /modulo-talento/carpeta-formador-talento 200 in 51ms
 GET /modulo-talento/carpeta-formador-talento 200 in 47ms
 GET /modulo-talento/carpeta-formador-talento 200 in 42ms
 GET /modulo-talento/carpeta-formador-talento 200 in 46ms
 GET /modulo-talento/carpeta-formador-talento 200 in 44ms
 GET /modulo-talento/carpeta-formador-talento 200 in 45ms
 GET /modulo-talento/carpeta-formador-talento/tabla-costo-beneficio 200 in 22ms
 ○ Compiling /modulo-talento ...
 ✓ Compiled /modulo-talento in 559ms (661 modules)
 GET /modulo-talento 200 in 808ms
 ✓ Compiled /modulo-talento/carpeta-disciplinario in 407ms (663 modules)
 GET /modulo-talento/carpeta-disciplinario 200 in 556ms
 GET /modulo-talento/carpeta-disciplinario/tabla-control-disciplinario 200 in 26ms
 ✓ Compiled in 531ms (1123 modules)
 GET /modulo-talento/carpeta-disciplinario/tabla-control-disciplinario 200 in 65ms
 GET /modulo-talento/carpeta-disciplinario/tabla-control-disciplinario 200 in 70ms
 GET /login 200 in 31ms
 GET /modulo-talento/carpeta-disciplinario/tabla-control-disciplinario 200 in 324ms
 ✓ Compiled in 734ms (1112 modules)
 GET /modulo-talento/carpeta-disciplinario/tabla-control-disciplinario 200 in 87ms
 GET /login 200 in 29ms
 GET /modulo-talento/carpeta-disciplinario/tabla-control-disciplinario 200 in 28ms
 GET /modulo-talento/carpeta-disciplinario/tabla-control-disciplinario 200 in 271ms
 GET /modulo-talento/carpeta-disciplinario/tabla-control-disciplinario 200 in 53ms
 ✓ Compiled in 648ms (1112 modules)
 GET /modulo-talento/carpeta-disciplinario/tabla-control-disciplinario 200 in 73ms
 GET /login 200 in 47ms
 GET /modulo-talento/carpeta-disciplinario/tabla-control-disciplinario 200 in 49ms
 GET /modulo-talento/carpeta-disciplinario/tabla-control-disciplinario 200 in 187ms
 ✓ Compiled in 813ms (1112 modules)
 GET /modulo-talento/carpeta-disciplinario/tabla-control-disciplinario 200 in 52ms
 GET /login 200 in 48ms
 GET /modulo-talento/carpeta-disciplinario/tabla-control-disciplinario 200 in 48ms
 GET /modulo-talento/carpeta-disciplinario/tabla-control-disciplinario 200 in 184ms
 ✓ Compiled in 668ms (1112 modules)
 GET /modulo-talento/carpeta-disciplinario/tabla-control-disciplinario 200 in 61ms
 GET /login 200 in 26ms
 GET /modulo-talento/carpeta-disciplinario/tabla-control-disciplinario 200 in 24ms
 ✓ Compiled in 420ms (1112 modules)
 GET /login 200 in 47ms
 ⚠ Fast Refresh had to perform a full reload. Read more: https://nextjs.org/docs/messages/fast-refresh-reload
 GET /modulo-talento/carpeta-disciplinario/tabla-control-disciplinario 200 in 201ms
 GET /modulo-talento/carpeta-disciplinario/tabla-control-disciplinario 200 in 79ms
 ⚠ Fast Refresh had to perform a full reload. Read more: https://nextjs.org/docs/messages/fast-refresh-reload
 ⨯ ./app/modulo-talento/carpeta-disciplinario/tabla-control-disciplinario/page.js
Error:   [31mx[0m Expected '</', got ')'
      ,-[[36;1;4m/home/desarrollo/Coofisam360-Frontend/app/modulo-talento/carpeta-disciplinario/tabla-control-disciplinario/page.js[0m:1376:1]
 [2m1373[0m |                   {r.Duración_total_del_proceso}
 [2m1374[0m |                 </td>
 [2m1375[0m |               </tr>
 [2m1376[0m |             ))}
      : [35;1m             ^[0m
 [2m1377[0m |           </tbody>
 [2m1378[0m |         </table>
 [2m1378[0m |       </div>
      `----

Caused by:
    Syntax Error

Import trace for requested module:
./app/modulo-talento/carpeta-disciplinario/tabla-control-disciplinario/page.js
 GET /modulo-talento/carpeta-disciplinario/tabla-control-disciplinario 500 in 22ms
 GET /login 500 in 14ms
 GET /modulo-talento/carpeta-disciplinario/tabla-control-disciplinario 500 in 17ms
 GET /modulo-talento/carpeta-disciplinario/tabla-control-disciplinario 500 in 13ms
 GET /login 500 in 14ms
 GET /modulo-talento/carpeta-disciplinario/tabla-control-disciplinario 500 in 18ms
 ⚠ Fast Refresh had to perform a full reload. Read more: https://nextjs.org/docs/messages/fast-refresh-reload
 ⚠ Fast Refresh had to perform a full reload. Read more: https://nextjs.org/docs/messages/fast-refresh-reload
 ✓ Compiled in 739ms (1098 modules)
 ⚠ Fast Refresh had to perform a full reload. Read more: https://nextjs.org/docs/messages/fast-refresh-reload
 GET /login 200 in 491ms
 GET /modulo-talento/carpeta-disciplinario/tabla-control-disciplinario 200 in 492ms
 ⚠ Fast Refresh had to perform a full reload. Read more: https://nextjs.org/docs/messages/fast-refresh-reload
 ⚠ Fast Refresh had to perform a full reload. Read more: https://nextjs.org/docs/messages/fast-refresh-reload
 GET /modulo-talento/carpeta-disciplinario/tabla-control-disciplinario 200 in 50ms
 ✓ Compiled in 586ms (1112 modules)
 GET /login 200 in 129ms
 GET /modulo-talento/carpeta-disciplinario/tabla-control-disciplinario 200 in 59ms
 GET /modulo-talento/carpeta-disciplinario/tabla-control-disciplinario 200 in 31ms
 ✓ Compiled in 735ms (1112 modules)
 GET /login 200 in 82ms
 GET /modulo-talento/carpeta-disciplinario/tabla-control-disciplinario 200 in 98ms
 GET /modulo-talento/carpeta-disciplinario/tabla-control-disciplinario 200 in 26ms
 ✓ Compiled in 698ms (1112 modules)
 GET /modulo-talento/carpeta-disciplinario/tabla-control-disciplinario 200 in 80ms
 GET /login 200 in 25ms
 GET /modulo-talento/carpeta-disciplinario/tabla-control-disciplinario 200 in 27ms
 ✓ Compiled in 350ms (1112 modules)
 GET /modulo-talento/carpeta-disciplinario/tabla-control-disciplinario 200 in 49ms
 GET /login 200 in 27ms
 GET /modulo-talento/carpeta-disciplinario/tabla-control-disciplinario 200 in 25ms
 GET /modulo-talento/carpeta-disciplinario/tabla-control-disciplinario 200 in 311ms
 GET /modulo-talento/carpeta-disciplinario/tabla-control-disciplinario 200 in 58ms
 GET /modulo-talento/carpeta-disciplinario/tabla-control-disciplinario 200 in 57ms
 ✓ Compiled in 701ms (1112 modules)
 GET /modulo-talento/carpeta-disciplinario/tabla-control-disciplinario 200 in 54ms
 GET /login 200 in 25ms
 GET /modulo-talento/carpeta-disciplinario/tabla-control-disciplinario 200 in 26ms
 ✓ Compiled in 434ms (1112 modules)
 GET /modulo-talento/carpeta-disciplinario/tabla-control-disciplinario 200 in 53ms
 GET /login 200 in 28ms
 GET /modulo-talento/carpeta-disciplinario/tabla-control-disciplinario 200 in 27ms
 GET /modulo-talento/carpeta-disciplinario/tabla-control-disciplinario 200 in 279ms
 GET /modulo-talento/carpeta-disciplinario/tabla-control-disciplinario 200 in 52ms
 GET /modulo-talento/carpeta-disciplinario/tabla-control-disciplinario 200 in 56ms
 ✓ Compiled in 891ms (1112 modules)
 GET /modulo-talento/carpeta-disciplinario/tabla-control-disciplinario 200 in 54ms
 GET /login 200 in 32ms
 GET /modulo-talento/carpeta-disciplinario/tabla-control-disciplinario 200 in 20ms
 ✓ Compiled in 650ms (1112 modules)
 GET /modulo-talento/carpeta-disciplinario/tabla-control-disciplinario 200 in 54ms
 GET /login 200 in 24ms
 GET /modulo-talento/carpeta-disciplinario/tabla-control-disciplinario 200 in 26ms
 ✓ Compiled in 153ms (466 modules)
 GET /modulo-talento/carpeta-disciplinario/tabla-control-disciplinario 200 in 22ms
 GET /login 200 in 19ms
 GET /modulo-talento/carpeta-disciplinario/tabla-control-disciplinario 200 in 25ms
 ✓ Compiled in 121ms (466 modules)
 GET /modulo-talento/carpeta-disciplinario/tabla-control-disciplinario 200 in 21ms
 GET /login 200 in 42ms
 GET /modulo-talento/carpeta-disciplinario/tabla-control-disciplinario 200 in 40ms
 ✓ Compiled in 113ms (466 modules)
 GET /modulo-talento/carpeta-disciplinario/tabla-control-disciplinario 200 in 26ms
 GET /login 200 in 19ms
 GET /modulo-talento/carpeta-disciplinario/tabla-control-disciplinario 200 in 25ms
 ✓ Compiled in 154ms (466 modules)
 GET /modulo-talento/carpeta-disciplinario/tabla-control-disciplinario 200 in 28ms
 GET /login 200 in 22ms
 GET /modulo-talento/carpeta-disciplinario/tabla-control-disciplinario 200 in 22ms
 GET /modulo-talento/carpeta-disciplinario 200 in 37ms
 GET /modulo-talento 200 in 30ms
 ○ Compiling /modulo-talento/carpeta-formador-talento ...
 ✓ Compiled /modulo-talento/carpeta-formador-talento in 613ms (657 modules)
 GET /modulo-talento/carpeta-formador-talento 200 in 764ms
 GET /modulo-talento/carpeta-formador-talento/tabla-costo-beneficio 200 in 26ms
 GET /modulo-talento/carpeta-formador-talento/tabla-costo-beneficio 200 in 301ms
 GET /modulo-talento/carpeta-formador-talento/tabla-costo-beneficio 200 in 59ms
 GET /modulo-talento/carpeta-formador-talento/tabla-costo-beneficio 200 in 64ms
 GET /modulo-talento/carpeta-formador-talento/tabla-costo-beneficio 200 in 63ms
 GET /modulo-talento 200 in 59ms
 GET /modulo-talento/carpeta-formador-talento 200 in 23ms
 GET /modulo-talento/carpeta-formador-talento/tabla-costo-beneficio 200 in 27ms
 GET /modulo-talento 200 in 52ms
 GET /modulo-talento/carpeta-formador-talento 200 in 29ms
 ○ Compiling /modulo-talento/carpeta-formador-talento/tabla-formacion ...
 ✓ Compiled /modulo-talento/carpeta-formador-talento/tabla-formacion in 769ms (661 modules)
 GET /modulo-talento/carpeta-formador-talento/tabla-formacion 200 in 863ms
 ○ Compiling /modulo-talento/carpeta-formador-talento/tabla-satisfaccion ...
 ✓ Compiled /modulo-talento/carpeta-formador-talento/tabla-satisfaccion in 1274ms (1122 modules)
 GET /modulo-talento/carpeta-formador-talento/tabla-satisfaccion 200 in 1338ms
 ✓ Compiled in 1148ms (1125 modules)
 GET /login 200 in 144ms
 GET /modulo-talento/carpeta-disciplinario/tabla-control-disciplinario 200 in 140ms
 GET /modulo-talento/carpeta-formador-talento 200 in 143ms
 ○ Compiling /modulo-talento/carpeta-formador-talento/tabla-costo-beneficio ...
 ✓ Compiled /modulo-talento/carpeta-formador-talento/tabla-costo-beneficio in 613ms (662 modules)
 GET /modulo-talento/carpeta-formador-talento/tabla-costo-beneficio 200 in 706ms
 GET /modulo-talento/carpeta-formador-talento/tabla-costo-beneficio 200 in 307ms
 ○ Compiling / ...
 ✓ Compiled / in 563ms (661 modules)
 GET / 200 in 725ms
 GET / 200 in 30ms
 ✓ Compiled /modulo-talento in 186ms (666 modules)
 GET /modulo-talento 200 in 239ms
 ○ Compiling /modulo-talento/carpeta-talento ...
 ✓ Compiled /modulo-talento/carpeta-talento in 675ms (1107 modules)
 GET /modulo-talento/carpeta-talento 200 in 772ms
 ✓ Compiled /modulo-talento/carpeta-talento/tabla-ascensos in 406ms (1105 modules)
 GET /modulo-talento/carpeta-talento/tabla-ascensos 200 in 455ms
 ✓ Compiled /modulo-talento/carpeta-talento/tabla-bonificacion in 427ms (1110 modules)
 GET /modulo-talento/carpeta-talento/tabla-bonificacion 200 in 480ms
 ○ Compiling /modulo-talento/carpeta-talento/tabla-bono-cumpleanos ...
 ✓ Compiled /modulo-talento/carpeta-talento/tabla-bono-cumpleanos in 669ms (1105 modules)
 GET /modulo-talento/carpeta-talento/tabla-bono-cumpleanos 200 in 749ms
 GET /modulo-talento/carpeta-talento/tabla-bono-cumpleanos 200 in 17ms
 ✓ Compiled /modulo-talento/carpeta-talento/tabla-desempeno in 350ms (1107 modules)
 GET /modulo-talento/carpeta-talento/tabla-desempeno 200 in 402ms
 ○ Compiling /modulo-talento/carpeta-talento/tabla-egresos ...
 ✓ Compiled /modulo-talento/carpeta-talento/tabla-egresos in 678ms (1114 modules)
 GET /modulo-talento/carpeta-talento/tabla-egresos 200 in 729ms
 ○ Compiling /modulo-talento/carpeta-talento/tabla-rol-lider ...
 ✓ Compiled /modulo-talento/carpeta-talento/tabla-rol-lider in 917ms (1111 modules)
 GET /modulo-talento/carpeta-talento/tabla-rol-lider 200 in 1065ms
 ✓ Compiled /modulo-talento/carpeta-talento/tabla-ascensos in 427ms (644 modules)
 GET /modulo-talento/carpeta-talento/tabla-ascensos 200 in 571ms
 GET /modulo-talento/carpeta-talento 200 in 28ms
 GET /modulo-talento/carpeta-talento/tabla-egresos 200 in 31ms
 GET / 200 in 164ms
 ○ Compiling /login ...
 ✓ Compiled /login in 661ms (648 modules)
 GET /login 200 in 798ms
 GET / 200 in 37ms
 ○ Compiling /modulo-talento ...
 ✓ Compiled /modulo-talento in 660ms (639 modules)
 GET /modulo-talento 200 in 859ms
 ○ Compiling /modulo-talento/carpeta-sistema-gestion-salud ...
 ✓ Compiled /modulo-talento/carpeta-sistema-gestion-salud in 889ms (1116 modules)
 GET /modulo-talento/carpeta-sistema-gestion-salud 200 in 1100ms
 ○ Compiling /modulo-talento/carpeta-sistema-gestion-salud/tabla-accidentalidad ...
 ✓ Compiled /modulo-talento/carpeta-sistema-gestion-salud/tabla-accidentalidad in 1327ms (1132 modules)
 GET /modulo-talento/carpeta-sistema-gestion-salud/tabla-accidentalidad 200 in 1513ms
 GET /modulo-talento 200 in 43ms
 ○ Compiling /modulo-talento/carpeta-formador-talento ...
 ✓ Compiled /modulo-talento/carpeta-formador-talento in 731ms (652 modules)
 GET /modulo-talento/carpeta-formador-talento 200 in 914ms
 GET /modulo-talento/carpeta-formador-talento 200 in 25ms
 ○ Compiling /modulo-talento/carpeta-formador-talento/tabla-formacion ...
 ✓ Compiled /modulo-talento/carpeta-formador-talento/tabla-formacion in 543ms (660 modules)
 GET /modulo-talento/carpeta-formador-talento/tabla-formacion 200 in 632ms
 GET /modulo-talento 200 in 194ms
 GET / 200 in 24ms
 ○ Compiling /modulo-talento/carpeta-formador-talento/tabla-costo-beneficio ...
 ✓ Compiled /modulo-talento/carpeta-formador-talento/tabla-costo-beneficio in 897ms (658 modules)
 GET /modulo-talento/carpeta-formador-talento/tabla-costo-beneficio 200 in 1352ms
 GET /modulo-talento/carpeta-formador-talento/tabla-costo-beneficio 200 in 45ms
 ✓ Compiled in 1590ms (1139 modules)
 GET /modulo-talento/carpeta-formador-talento/tabla-costo-beneficio 200 in 62ms
 ✓ Compiled in 731ms (1139 modules)
 GET /modulo-talento/carpeta-formador-talento/tabla-costo-beneficio 200 in 55ms
 GET /modulo-talento/carpeta-formador-talento/tabla-costo-beneficio 200 in 336ms
 GET /modulo-talento/carpeta-formador-talento/tabla-costo-beneficio 200 in 48ms
 GET /modulo-talento/carpeta-formador-talento/tabla-costo-beneficio 200 in 58ms
 GET /modulo-talento/carpeta-formador-talento/tabla-costo-beneficio 200 in 51ms
 ✓ Compiled in 1059ms (1139 modules)
 GET /modulo-talento/carpeta-formador-talento/tabla-costo-beneficio 200 in 55ms
 GET /modulo-talento/carpeta-formador-talento/tabla-costo-beneficio 200 in 346ms
 GET /modulo-talento/carpeta-formador-talento/tabla-costo-beneficio 200 in 52ms
 GET /modulo-talento/carpeta-formador-talento/tabla-costo-beneficio 200 in 59ms
 GET /modulo-talento/carpeta-formador-talento/tabla-costo-beneficio 200 in 68ms
 ○ Compiling /modulo-talento/carpeta-formador-talento ...
 ✓ Compiled /modulo-talento/carpeta-formador-talento in 743ms (655 modules)
 GET /modulo-talento/carpeta-formador-talento 200 in 929ms
 GET /modulo-talento/carpeta-formador-talento/tabla-costo-beneficio 200 in 29ms
 ✓ Compiled in 1009ms (1139 modules)
 GET /modulo-talento/carpeta-formador-talento/tabla-costo-beneficio 200 in 84ms
 ✓ Compiled in 337ms (1139 modules)
 GET /modulo-talento/carpeta-formador-talento/tabla-costo-beneficio 200 in 53ms
 GET /modulo-talento/carpeta-formador-talento/tabla-costo-beneficio 200 in 339ms
 GET /modulo-talento/carpeta-formador-talento/tabla-costo-beneficio 200 in 58ms
 GET /modulo-talento/carpeta-formador-talento/tabla-costo-beneficio 200 in 55ms
 ✓ Compiled in 1025ms (1139 modules)
 GET /modulo-talento/carpeta-formador-talento/tabla-costo-beneficio 200 in 57ms
 ✓ Compiled in 1036ms (1139 modules)
 GET /modulo-talento/carpeta-formador-talento/tabla-costo-beneficio 200 in 54ms
 ✓ Compiled in 331ms (1139 modules)
 GET /modulo-talento/carpeta-formador-talento/tabla-costo-beneficio 200 in 49ms
 GET /modulo-talento/carpeta-formador-talento/tabla-costo-beneficio 200 in 348ms
 GET /modulo-talento/carpeta-formador-talento/tabla-costo-beneficio 200 in 55ms
 GET /login 200 in 57ms
 ✓ Compiled in 1182ms (1139 modules)
 GET /modulo-talento/carpeta-formador-talento/tabla-costo-beneficio 200 in 55ms
 GET /login 200 in 27ms
 GET /modulo-talento/carpeta-formador-talento/tabla-costo-beneficio 200 in 328ms
 GET /modulo-talento/carpeta-formador-talento/tabla-costo-beneficio 200 in 60ms
 GET /modulo-talento/carpeta-formador-talento/tabla-costo-beneficio 200 in 66ms
 GET /modulo-talento/carpeta-formador-talento/tabla-costo-beneficio 200 in 84ms
 GET /modulo-talento/carpeta-formador-talento/tabla-costo-beneficio 200 in 70ms
 ✓ Compiled in 1108ms (1139 modules)
 GET /modulo-talento/carpeta-formador-talento/tabla-costo-beneficio 200 in 56ms
 GET /login 200 in 28ms
 GET /modulo-talento/carpeta-formador-talento/tabla-costo-beneficio 200 in 214ms
 GET /modulo-talento/carpeta-formador-talento/tabla-costo-beneficio 200 in 68ms
 GET /modulo-talento/carpeta-formador-talento/tabla-costo-beneficio 200 in 62ms
 GET /modulo-talento/carpeta-formador-talento/tabla-costo-beneficio 200 in 67ms
 ✓ Compiled in 1127ms (1139 modules)
 GET /modulo-talento/carpeta-formador-talento/tabla-costo-beneficio 200 in 57ms
 GET /login 200 in 24ms
 GET /modulo-talento/carpeta-formador-talento/tabla-costo-beneficio 200 in 331ms
 GET /modulo-talento/carpeta-formador-talento/tabla-costo-beneficio 200 in 61ms
 GET /modulo-talento/carpeta-formador-talento/tabla-costo-beneficio 200 in 45ms
 GET /modulo-talento/carpeta-formador-talento/tabla-costo-beneficio 200 in 51ms
 ○ Compiling /modulo-talento/carpeta-formador-talento ...
 ✓ Compiled /modulo-talento/carpeta-formador-talento in 1121ms (655 modules)
 GET /modulo-talento/carpeta-formador-talento 200 in 1209ms
 GET /modulo-talento 200 in 30ms
 GET /modulo-talento/carpeta-sistema-gestion-salud 200 in 36ms
 ✓ Compiled in 1077ms (1133 modules)
 GET /modulo-talento/carpeta-sistema-gestion-salud 200 in 58ms
 GET /login 200 in 24ms
 ✓ Compiled in 147ms (486 modules)
 GET /modulo-talento/carpeta-sistema-gestion-salud 200 in 32ms
 GET /login 200 in 18ms
 ✓ Compiled in 123ms (486 modules)
 GET /modulo-talento/carpeta-sistema-gestion-salud 200 in 26ms
 GET /login 200 in 19ms
 ✓ Compiled in 118ms (486 modules)
 GET /modulo-talento/carpeta-sistema-gestion-salud 200 in 27ms
 GET /login 200 in 19ms
 ✓ Compiled in 120ms (486 modules)
 GET /modulo-talento/carpeta-sistema-gestion-salud 200 in 28ms
 GET /login 200 in 20ms
 ✓ Compiled in 135ms (486 modules)
 GET /modulo-talento/carpeta-sistema-gestion-salud 200 in 22ms
 ✓ Compiled in 669ms (486 modules)
 GET /modulo-talento/carpeta-sistema-gestion-salud 200 in 35ms
 ✓ Compiled in 209ms (486 modules)
 GET /modulo-talento/carpeta-sistema-gestion-salud 200 in 28ms
 ✓ Compiled in 176ms (486 modules)
 GET /modulo-talento/carpeta-sistema-gestion-salud 200 in 28ms
 ✓ Compiled in 440ms (486 modules)
 GET /modulo-talento/carpeta-sistema-gestion-salud 200 in 30ms
 ✓ Compiled in 518ms (486 modules)
 GET /modulo-talento/carpeta-sistema-gestion-salud 200 in 30ms
 ✓ Compiled in 130ms (486 modules)
 GET /modulo-talento/carpeta-sistema-gestion-salud 200 in 27ms
 ✓ Compiled in 127ms (486 modules)
 GET /modulo-talento/carpeta-sistema-gestion-salud 200 in 22ms
 ✓ Compiled in 140ms (486 modules)
 GET /modulo-talento/carpeta-sistema-gestion-salud 200 in 29ms
 ✓ Compiled in 116ms (486 modules)
 GET /modulo-talento/carpeta-sistema-gestion-salud 200 in 23ms
 ✓ Compiled in 489ms (486 modules)
 GET /modulo-talento/carpeta-sistema-gestion-salud 200 in 30ms
 ✓ Compiled in 129ms (486 modules)
 GET /modulo-talento/carpeta-sistema-gestion-salud 200 in 28ms
 ✓ Compiled in 139ms (486 modules)
 GET /modulo-talento/carpeta-sistema-gestion-salud 200 in 22ms
 ✓ Compiled in 120ms (486 modules)
 GET /modulo-talento/carpeta-sistema-gestion-salud 200 in 22ms
 ○ Compiling /modulo-talento/carpeta-sistema-gestion-salud/tabla-accidentalidad ...
 ✓ Compiled /modulo-talento/carpeta-sistema-gestion-salud/tabla-accidentalidad in 681ms (655 modules)
 GET /modulo-talento/carpeta-sistema-gestion-salud/tabla-accidentalidad 200 in 767ms
 GET /modulo-talento/carpeta-sistema-gestion-salud/tabla-accidentalidad 200 in 18ms
 GET /modulo-talento/carpeta-sistema-gestion-salud/tabla-accidentalidad 200 in 346ms
 GET /modulo-talento/carpeta-sistema-gestion-salud/tabla-accidentalidad 200 in 56ms
 GET /modulo-talento/carpeta-sistema-gestion-salud/tabla-accidentalidad 200 in 55ms
 ✓ Compiled in 1129ms (1133 modules)
 GET /modulo-talento/carpeta-sistema-gestion-salud/tabla-accidentalidad 200 in 100ms
 GET /modulo-talento/carpeta-sistema-gestion-salud/tabla-accidentalidad 200 in 308ms
 GET /modulo-talento/carpeta-sistema-gestion-salud/tabla-accidentalidad 200 in 49ms
 GET /modulo-talento/carpeta-sistema-gestion-salud/tabla-accidentalidad 200 in 57ms
 ○ Compiling /modulo-talento/carpeta-sistema-gestion-salud/tabla-ausentismo ...
 ✓ Compiled /modulo-talento/carpeta-sistema-gestion-salud/tabla-ausentismo in 1800ms (1128 modules)
 GET /modulo-talento/carpeta-sistema-gestion-salud/tabla-ausentismo 200 in 1968ms
 GET /modulo-talento/carpeta-sistema-gestion-salud/tabla-accidentalidad 200 in 42ms
 GET /modulo-talento/carpeta-sistema-gestion-salud/tabla-accidentalidad 200 in 28ms
 GET /modulo-talento/carpeta-sistema-gestion-salud/tabla-ausentismo 200 in 29ms
 GET /modulo-talento/carpeta-sistema-gestion-salud/tabla-accidentalidad 200 in 30ms
 GET /modulo-talento/carpeta-sistema-gestion-salud/tabla-ausentismo 200 in 30ms
 GET /modulo-talento/carpeta-sistema-gestion-salud/tabla-accidentalidad 200 in 29ms
 ○ Compiling / ...
 ✓ Compiled / in 735ms (652 modules)
 GET / 200 in 930ms
 GET /login 200 in 25ms
 GET / 200 in 28ms
 GET / 200 in 16ms
 ○ Compiling /modulo-financiero ...
 ✓ Compiled /modulo-financiero in 1475ms (659 modules)
 GET /modulo-financiero 200 in 1771ms
 ○ Compiling /modulo-financiero/tabla-indicadores ...
 ✓ Compiled /modulo-financiero/tabla-indicadores in 1870ms (1134 modules)
 GET /modulo-financiero/tabla-indicadores 200 in 1978ms
 GET /modulo-financiero/tabla-indicadores 200 in 17ms
 GET /modulo-financiero/tabla-indicadores 200 in 21ms
 GET /modulo-financiero/tabla-indicadores 200 in 21ms
 GET /modulo-financiero/tabla-indicadores 200 in 17ms
 GET /modulo-financiero/tabla-indicadores 200 in 15ms
 ○ Compiling /modulo-financiero/tabla-cupos ...
 ✓ Compiled /modulo-financiero/tabla-cupos in 1330ms (1139 modules)
 GET /modulo-financiero/tabla-cupos 200 in 1439ms
 GET /modulo-financiero/tabla-cupos 200 in 123ms
 GET /modulo-financiero/tabla-cupos 200 in 168ms
 ○ Compiling /modulo-financiero/tabla-categorias ...
 ✓ Compiled /modulo-financiero/tabla-categorias in 1857ms (1122 modules)
 GET /modulo-financiero/tabla-categorias 200 in 2031ms
 GET /modulo-financiero/tabla-categorias 200 in 18ms
 GET /modulo-financiero/tabla-categorias 200 in 417ms
 ✓ Compiled /modulo-talento in 263ms (629 modules)
 GET /modulo-talento 200 in 479ms
 ○ Compiling /modulo-talento/carpeta-disciplinario ...
 ✓ Compiled /modulo-talento/carpeta-disciplinario in 772ms (649 modules)
 GET /modulo-talento/carpeta-disciplinario 200 in 1135ms
 GET /modulo-talento/carpeta-disciplinario 200 in 19ms
 ○ Compiling /modulo-talento/carpeta-disciplinario/tabla-control-disciplinario ...
 ✓ Compiled /modulo-talento/carpeta-disciplinario/tabla-control-disciplinario in 1365ms (658 modules)
 GET /modulo-talento/carpeta-disciplinario/tabla-control-disciplinario 200 in 1564ms
 GET /modulo-talento/carpeta-disciplinario/tabla-control-disciplinario 200 in 21ms
 GET /modulo-talento/carpeta-disciplinario/tabla-control-disciplinario 200 in 18ms
 GET /modulo-talento/carpeta-disciplinario/tabla-control-disciplinario 200 in 18ms
 ○ Compiling /modulo-talento/carpeta-formador-talento ...
 ✓ Compiled /modulo-talento/carpeta-formador-talento in 1548ms (650 modules)
 GET /modulo-talento/carpeta-formador-talento 200 in 1930ms
 GET /modulo-talento/carpeta-formador-talento 200 in 20ms
 ○ Compiling /modulo-talento/carpeta-formador-talento/tabla-formacion ...
 ✓ Compiled /modulo-talento/carpeta-formador-talento/tabla-formacion in 848ms (662 modules)
 GET /modulo-talento/carpeta-formador-talento/tabla-formacion 200 in 953ms
 GET /modulo-talento/carpeta-formador-talento/tabla-formacion 200 in 25ms
 ○ Compiling /modulo-cartera ...
 ✓ Compiled /modulo-cartera in 2.1s (1135 modules)
 GET /modulo-cartera 200 in 2625ms
 GET /modulo-cartera 200 in 19ms
 ○ Compiling /_not-found ...
 ✓ Compiled /_not-found in 1435ms (1135 modules)
 GET /modulo-comercial 404 in 1531ms
 GET /modulo-comercial 404 in 132ms
 ○ Compiling /modulo-financiero ...
 ✓ Compiled /modulo-financiero in 1197ms (655 modules)
 GET /modulo-financiero 200 in 1794ms
 ○ Compiling /login ...
 ✓ Compiled /login in 1583ms (661 modules)
 GET /login 200 in 2082ms
 ○ Compiling /modulo-talento/carpeta-sistema-gestion-salud/tabla-accidentalidad ...
 ✓ Compiled /modulo-talento/carpeta-sistema-gestion-salud/tabla-accidentalidad in 1945ms (661 modules)
 GET /modulo-talento/carpeta-sistema-gestion-salud/tabla-accidentalidad 200 in 2401ms
 ✓ Compiled in 1522ms (1157 modules)
 GET /modulo-talento/carpeta-sistema-gestion-salud/tabla-accidentalidad 200 in 87ms
 GET /login 200 in 33ms
 GET /modulo-talento/carpeta-sistema-gestion-salud/tabla-accidentalidad 200 in 258ms
 GET /modulo-talento/carpeta-sistema-gestion-salud/tabla-accidentalidad 200 in 62ms
 ✓ Compiled in 1400ms (1157 modules)
 GET /modulo-talento/carpeta-sistema-gestion-salud/tabla-accidentalidad 200 in 64ms
 GET /login 200 in 28ms
 GET /modulo-talento/carpeta-sistema-gestion-salud/tabla-accidentalidad 200 in 201ms
 GET /modulo-talento/carpeta-sistema-gestion-salud/tabla-accidentalidad 200 in 78ms
 ✓ Compiled in 1430ms (1157 modules)
 GET /modulo-talento/carpeta-sistema-gestion-salud/tabla-accidentalidad 200 in 59ms
 GET /login 200 in 26ms
 ✓ Compiled in 926ms (1157 modules)
 GET /modulo-talento/carpeta-sistema-gestion-salud/tabla-accidentalidad 200 in 57ms
 GET /login 200 in 26ms
 ✓ Compiled in 373ms (1157 modules)
 GET /modulo-talento/carpeta-sistema-gestion-salud/tabla-accidentalidad 200 in 51ms
 GET /login 200 in 25ms
 GET /modulo-talento/carpeta-sistema-gestion-salud/tabla-accidentalidad 200 in 366ms
 ✓ Compiled in 1462ms (1157 modules)
 GET /modulo-talento/carpeta-sistema-gestion-salud/tabla-accidentalidad 200 in 89ms
 GET /login 200 in 28ms
 ✓ Compiled in 389ms (1157 modules)
 GET /modulo-talento/carpeta-sistema-gestion-salud/tabla-accidentalidad 200 in 92ms
 GET /login 200 in 29ms
 ○ Compiling /modulo-talento/carpeta-sistema-gestion-salud ...
 ✓ Compiled /modulo-talento/carpeta-sistema-gestion-salud in 1711ms (661 modules)
 GET /modulo-talento/carpeta-sistema-gestion-salud 200 in 2127ms
 ○ Compiling /modulo-talento/carpeta-sistema-gestion-salud/tabla-ausentismo ...
 ✓ Compiled /modulo-talento/carpeta-sistema-gestion-salud/tabla-ausentismo in 795ms (667 modules)
 GET /modulo-talento/carpeta-sistema-gestion-salud/tabla-ausentismo 200 in 875ms
 GET /modulo-talento/carpeta-sistema-gestion-salud/tabla-ausentismo 200 in 26ms
 ✓ Compiled in 1632ms (1153 modules)
 GET /login 200 in 231ms
 GET /modulo-talento/carpeta-sistema-gestion-salud/tabla-ausentismo 200 in 232ms
 ✓ Compiled in 1691ms (1153 modules)
 GET /modulo-talento/carpeta-sistema-gestion-salud/tabla-ausentismo 200 in 62ms
 GET /login 200 in 26ms
 ✓ Compiled in 382ms (1153 modules)
 GET /modulo-talento/carpeta-sistema-gestion-salud/tabla-ausentismo 200 in 51ms
 GET /login 200 in 25ms
 GET /modulo-talento/carpeta-sistema-gestion-salud/tabla-ausentismo 200 in 349ms
 GET /modulo-talento/carpeta-sistema-gestion-salud/tabla-ausentismo 200 in 57ms
 GET /modulo-talento/carpeta-sistema-gestion-salud/tabla-ausentismo 200 in 81ms
 ✓ Compiled in 1571ms (1153 modules)
 GET /modulo-talento/carpeta-sistema-gestion-salud/tabla-ausentismo 200 in 60ms
 GET /login 200 in 25ms
 ✓ Compiled in 419ms (1153 modules)
 GET /modulo-talento/carpeta-sistema-gestion-salud/tabla-ausentismo 200 in 52ms
 GET /login 200 in 24ms
 GET /modulo-talento/carpeta-sistema-gestion-salud/tabla-ausentismo 200 in 318ms
 ✓ Compiled in 1590ms (1153 modules)
 GET /modulo-talento/carpeta-sistema-gestion-salud/tabla-ausentismo 200 in 61ms
 GET /login 200 in 27ms
 GET /modulo-talento/carpeta-sistema-gestion-salud/tabla-ausentismo 200 in 226ms
 ✓ Compiled in 1569ms (1153 modules)
 GET /modulo-talento/carpeta-sistema-gestion-salud/tabla-ausentismo 200 in 62ms
 GET /login 200 in 26ms
 GET /modulo-talento/carpeta-sistema-gestion-salud/tabla-ausentismo 200 in 242ms
 GET /modulo-talento/carpeta-sistema-gestion-salud/tabla-ausentismo 200 in 95ms
 ✓ Compiled in 1641ms (1153 modules)
 GET /modulo-talento/carpeta-sistema-gestion-salud/tabla-ausentismo 200 in 89ms
 GET /login 200 in 26ms
 GET /modulo-talento/carpeta-sistema-gestion-salud/tabla-ausentismo 200 in 202ms
 GET /modulo-talento/carpeta-sistema-gestion-salud/tabla-ausentismo 200 in 564ms
 GET /modulo-talento/carpeta-sistema-gestion-salud/tabla-ausentismo 200 in 97ms
 GET /modulo-talento/carpeta-sistema-gestion-salud/tabla-ausentismo 200 in 84ms
 ✓ Compiled in 1666ms (1153 modules)
 GET /modulo-talento/carpeta-sistema-gestion-salud/tabla-ausentismo 200 in 84ms
 GET /login 200 in 32ms
 GET /modulo-talento/carpeta-sistema-gestion-salud/tabla-ausentismo 200 in 355ms
 GET /modulo-talento/carpeta-sistema-gestion-salud/tabla-ausentismo 200 in 77ms
 GET /modulo-talento/carpeta-sistema-gestion-salud 200 in 47ms
 ○ Compiling /modulo-talento/carpeta-sistema-gestion-salud/tabla-enfermedad-laboral ...
 ⨯ ./app/modulo-talento/carpeta-sistema-gestion-salud/tabla-enfermedad-laboral/page.js
Error:   [31mx[0m Expected '</', got ')'
     ,-[[36;1;4m/home/desarrollo/Coofisam360-Frontend/app/modulo-talento/carpeta-sistema-gestion-salud/tabla-enfermedad-laboral/page.js[0m:380:1]
 [2m377[0m |                   />
 [2m378[0m |                 </td>
 [2m379[0m |               </tr>
 [2m380[0m |             ))}
     : [35;1m             ^[0m
 [2m381[0m |           </tbody>
 [2m382[0m |         </table>
 [2m382[0m |       </div>
     `----

Caused by:
    Syntax Error

Import trace for requested module:
./app/modulo-talento/carpeta-sistema-gestion-salud/tabla-enfermedad-laboral/page.js
 ⨯ ./app/modulo-talento/carpeta-sistema-gestion-salud/tabla-enfermedad-laboral/page.js
Error:   [31mx[0m Expected '</', got ')'
     ,-[[36;1;4m/home/desarrollo/Coofisam360-Frontend/app/modulo-talento/carpeta-sistema-gestion-salud/tabla-enfermedad-laboral/page.js[0m:380:1]
 [2m377[0m |                   />
 [2m378[0m |                 </td>
 [2m379[0m |               </tr>
 [2m380[0m |             ))}
     : [35;1m             ^[0m
 [2m381[0m |           </tbody>
 [2m382[0m |         </table>
 [2m382[0m |       </div>
     `----

Caused by:
    Syntax Error

Import trace for requested module:
./app/modulo-talento/carpeta-sistema-gestion-salud/tabla-enfermedad-laboral/page.js
 GET /modulo-talento/carpeta-sistema-gestion-salud/tabla-enfermedad-laboral 500 in 4287ms
 GET /modulo-talento/carpeta-sistema-gestion-salud/tabla-enfermedad-laboral 500 in 228ms
 ⚠ Fast Refresh had to perform a full reload. Read more: https://nextjs.org/docs/messages/fast-refresh-reload
 GET /login 500 in 13ms
 ⚠ Fast Refresh had to perform a full reload due to a runtime error.
 ⚠ Fast Refresh had to perform a full reload. Read more: https://nextjs.org/docs/messages/fast-refresh-reload
 ✓ Compiled /_not-found in 1657ms (1153 modules)
 ⚠ Fast Refresh had to perform a full reload due to a runtime error.
 ⨯ ./app/modulo-talento/carpeta-sistema-gestion-salud/tabla-enfermedad-laboral/page.js
Error:   [31mx[0m Unterminated regexp literal
     ,-[[36;1;4m/home/desarrollo/Coofisam360-Frontend/app/modulo-talento/carpeta-sistema-gestion-salud/tabla-enfermedad-laboral/page.js[0m:381:1]
 [2m378[0m |                 </td>
 [2m379[0m |               </tr>
 [2m380[0m |             );})
 [2m381[0m |           </tbody>
     : [35;1m           ^^^^^^^[0m
 [2m382[0m |         </table>
 [2m383[0m |       </div>
 [2m383[0m |     </main>
     `----

Caused by:
    Syntax Error

Import trace for requested module:
./app/modulo-talento/carpeta-sistema-gestion-salud/tabla-enfermedad-laboral/page.js
 ⚠ Fast Refresh had to perform a full reload. Read more: https://nextjs.org/docs/messages/fast-refresh-reload
 GET /login 200 in 464ms
 ○ Compiling /modulo-talento/carpeta-sistema-gestion-salud/tabla-enfermedad-laboral ...
 ⨯ ./app/modulo-talento/carpeta-sistema-gestion-salud/tabla-enfermedad-laboral/page.js
Error:   [31mx[0m Unterminated regexp literal
     ,-[[36;1;4m/home/desarrollo/Coofisam360-Frontend/app/modulo-talento/carpeta-sistema-gestion-salud/tabla-enfermedad-laboral/page.js[0m:381:1]
 [2m378[0m |                 </td>
 [2m379[0m |               </tr>
 [2m380[0m |             );})
 [2m381[0m |           </tbody>
     : [35;1m           ^^^^^^^[0m
 [2m382[0m |         </table>
 [2m383[0m |       </div>
 [2m383[0m |     </main>
     `----

Caused by:
    Syntax Error

Import trace for requested module:
./app/modulo-talento/carpeta-sistema-gestion-salud/tabla-enfermedad-laboral/page.js
 ⨯ ./app/modulo-talento/carpeta-sistema-gestion-salud/tabla-enfermedad-laboral/page.js
Error:   [31mx[0m Unterminated regexp literal
     ,-[[36;1;4m/home/desarrollo/Coofisam360-Frontend/app/modulo-talento/carpeta-sistema-gestion-salud/tabla-enfermedad-laboral/page.js[0m:381:1]
 [2m378[0m |                 </td>
 [2m379[0m |               </tr>
 [2m380[0m |             );})
 [2m381[0m |           </tbody>
     : [35;1m           ^^^^^^^[0m
 [2m382[0m |         </table>
 [2m383[0m |       </div>
 [2m383[0m |     </main>
     `----

Caused by:
    Syntax Error

Import trace for requested module:
./app/modulo-talento/carpeta-sistema-gestion-salud/tabla-enfermedad-laboral/page.js
 GET /modulo-talento/carpeta-sistema-gestion-salud/tabla-enfermedad-laboral 500 in 340ms
 GET /login 500 in 17ms
 ⚠ Fast Refresh had to perform a full reload due to a runtime error.
 GET /modulo-talento/carpeta-sistema-gestion-salud/tabla-enfermedad-laboral 500 in 13ms
 ⚠ Fast Refresh had to perform a full reload. Read more: https://nextjs.org/docs/messages/fast-refresh-reload
 GET /modulo-talento/carpeta-sistema-gestion-salud/tabla-enfermedad-laboral 500 in 16ms
 GET /modulo-talento/carpeta-sistema-gestion-salud 500 in 13ms
 ⚠ Fast Refresh had to perform a full reload due to a runtime error.
 ⚠ Fast Refresh had to perform a full reload. Read more: https://nextjs.org/docs/messages/fast-refresh-reload
 ⨯ ./app/modulo-talento/carpeta-sistema-gestion-salud/tabla-enfermedad-laboral/page.js
Error:   [31mx[0m Unterminated regexp literal
     ,-[[36;1;4m/home/desarrollo/Coofisam360-Frontend/app/modulo-talento/carpeta-sistema-gestion-salud/tabla-enfermedad-laboral/page.js[0m:381:1]
 [2m378[0m |                 </td>
 [2m379[0m |               </tr>
 [2m380[0m |             );})
 [2m381[0m |           </tbody>
     : [35;1m           ^^^^^^^[0m
 [2m382[0m |         </table>
 [2m383[0m |       </div>
 [2m383[0m |     </main>
     `----

Caused by:
    Syntax Error

Import trace for requested module:
./app/modulo-talento/carpeta-sistema-gestion-salud/tabla-enfermedad-laboral/page.js
 ⨯ ./app/modulo-talento/carpeta-sistema-gestion-salud/tabla-enfermedad-laboral/page.js
Error:   [31mx[0m Unterminated regexp literal
     ,-[[36;1;4m/home/desarrollo/Coofisam360-Frontend/app/modulo-talento/carpeta-sistema-gestion-salud/tabla-enfermedad-laboral/page.js[0m:381:1]
 [2m378[0m |                 </td>
 [2m379[0m |               </tr>
 [2m380[0m |             );})
 [2m381[0m |           </tbody>
     : [35;1m           ^^^^^^^[0m
 [2m382[0m |         </table>
 [2m383[0m |       </div>
 [2m383[0m |     </main>
     `----

Caused by:
    Syntax Error

Import trace for requested module:
./app/modulo-talento/carpeta-sistema-gestion-salud/tabla-enfermedad-laboral/page.js
 GET /login 500 in 1168ms
 GET /modulo-talento 500 in 1349ms
 ⚠ Fast Refresh had to perform a full reload due to a runtime error.
 ⚠ Fast Refresh had to perform a full reload. Read more: https://nextjs.org/docs/messages/fast-refresh-reload
 ⨯ ./app/modulo-talento/carpeta-sistema-gestion-salud/tabla-enfermedad-laboral/page.js
Error:   [31mx[0m Unterminated regexp literal
     ,-[[36;1;4m/home/desarrollo/Coofisam360-Frontend/app/modulo-talento/carpeta-sistema-gestion-salud/tabla-enfermedad-laboral/page.js[0m:381:1]
 [2m378[0m |                 </td>
 [2m379[0m |               </tr>
 [2m380[0m |             );})
 [2m381[0m |           </tbody>
     : [35;1m           ^^^^^^^[0m
 [2m382[0m |         </table>
 [2m383[0m |       </div>
 [2m383[0m |     </main>
     `----

Caused by:
    Syntax Error

Import trace for requested module:
./app/modulo-talento/carpeta-sistema-gestion-salud/tabla-enfermedad-laboral/page.js
 ⚠ Fast Refresh had to perform a full reload due to a runtime error.
 ⚠ Fast Refresh had to perform a full reload. Read more: https://nextjs.org/docs/messages/fast-refresh-reload
 GET /login 500 in 1269ms
 ⚠ Fast Refresh had to perform a full reload due to a runtime error.
 ⨯ ./app/modulo-talento/carpeta-sistema-gestion-salud/tabla-enfermedad-laboral/page.js
Error:   [31mx[0m Unterminated regexp literal
     ,-[[36;1;4m/home/desarrollo/Coofisam360-Frontend/app/modulo-talento/carpeta-sistema-gestion-salud/tabla-enfermedad-laboral/page.js[0m:381:1]
 [2m378[0m |                 </td>
 [2m379[0m |               </tr>
 [2m380[0m |             );})
 [2m381[0m |           </tbody>
     : [35;1m           ^^^^^^^[0m
 [2m382[0m |         </table>
 [2m383[0m |       </div>
 [2m383[0m |     </main>
     `----

Caused by:
    Syntax Error

Import trace for requested module:
./app/modulo-talento/carpeta-sistema-gestion-salud/tabla-enfermedad-laboral/page.js
 ⚠ Fast Refresh had to perform a full reload. Read more: https://nextjs.org/docs/messages/fast-refresh-reload
 ⨯ ./app/modulo-talento/carpeta-sistema-gestion-salud/tabla-enfermedad-laboral/page.js
Error:   [31mx[0m Unterminated regexp literal
     ,-[[36;1;4m/home/desarrollo/Coofisam360-Frontend/app/modulo-talento/carpeta-sistema-gestion-salud/tabla-enfermedad-laboral/page.js[0m:381:1]
 [2m378[0m |                 </td>
 [2m379[0m |               </tr>
 [2m380[0m |             );})
 [2m381[0m |           </tbody>
     : [35;1m           ^^^^^^^[0m
 [2m382[0m |         </table>
 [2m383[0m |       </div>
 [2m383[0m |     </main>
     `----

Caused by:
    Syntax Error

Import trace for requested module:
./app/modulo-talento/carpeta-sistema-gestion-salud/tabla-enfermedad-laboral/page.js
 ⚠ Fast Refresh had to perform a full reload due to a runtime error.
 GET /modulo-talento 500 in 894ms
 GET /login 500 in 16ms
 ⚠ Fast Refresh had to perform a full reload. Read more: https://nextjs.org/docs/messages/fast-refresh-reload
 GET / 500 in 14ms
 GET / 500 in 14ms
 ⚠ Fast Refresh had to perform a full reload due to a runtime error.
 ⚠ Fast Refresh had to perform a full reload due to a runtime error.
 ⚠ Fast Refresh had to perform a full reload. Read more: https://nextjs.org/docs/messages/fast-refresh-reload
 ⚠ Fast Refresh had to perform a full reload due to a runtime error.
 ⚠ Fast Refresh had to perform a full reload. Read more: https://nextjs.org/docs/messages/fast-refresh-reload
 ✓ Compiled /modulo-talento/carpeta-disciplinario in 5.2s (1166 modules)
 GET / 200 in 373ms
 GET /login 200 in 55ms
 GET / 200 in 39ms
 GET /modulo-talento 200 in 23ms
 ○ Compiling /modulo-talento/carpeta-formador-talento ...
 ✓ Compiled /modulo-talento/carpeta-formador-talento in 1178ms (659 modules)
 GET /modulo-talento/carpeta-formador-talento 200 in 1713ms
 ○ Compiling /modulo-talento/carpeta-formador-talento/tabla-formacion ...
 ✓ Compiled /modulo-talento/carpeta-formador-talento/tabla-formacion in 1926ms (661 modules)
 GET /modulo-talento/carpeta-formador-talento/tabla-formacion 200 in 2284ms
 ○ Compiling /modulo-talento/carpeta-formador-talento/tabla-satisfaccion ...
 ✓ Compiled /modulo-talento/carpeta-formador-talento/tabla-satisfaccion in 909ms (656 modules)
 GET /modulo-talento/carpeta-formador-talento/tabla-satisfaccion 200 in 966ms
 ○ Compiling /modulo-talento/carpeta-sistema-gestion-salud ...
 ✓ Compiled /modulo-talento/carpeta-sistema-gestion-salud in 633ms (658 modules)
 GET /modulo-talento/carpeta-sistema-gestion-salud 200 in 908ms
 ○ Compiling /modulo-talento/carpeta-sistema-gestion-salud/tabla-enfermedad-laboral ...
 ✓ Compiled /modulo-talento/carpeta-sistema-gestion-salud/tabla-enfermedad-laboral in 2.3s (666 modules)
 GET /modulo-talento/carpeta-sistema-gestion-salud/tabla-enfermedad-laboral 200 in 2431ms
 ✓ Compiled in 1723ms (1155 modules)
 GET /modulo-talento/carpeta-sistema-gestion-salud/tabla-enfermedad-laboral 200 in 71ms
 GET /login 200 in 27ms
 ✓ Compiled in 395ms (1155 modules)
 GET /modulo-talento/carpeta-sistema-gestion-salud/tabla-enfermedad-laboral 200 in 56ms
 GET /login 200 in 27ms
 ✓ Compiled in 1657ms (1155 modules)
 GET /modulo-talento/carpeta-sistema-gestion-salud/tabla-enfermedad-laboral 200 in 102ms
 GET /login 200 in 45ms
 ✓ Compiled in 382ms (1155 modules)
 GET /modulo-talento/carpeta-sistema-gestion-salud/tabla-enfermedad-laboral 200 in 83ms
 GET /login 200 in 28ms
 GET /modulo-talento/carpeta-sistema-gestion-salud/tabla-enfermedad-laboral 200 in 343ms
 ✓ Compiled in 1759ms (1155 modules)
 GET /modulo-talento/carpeta-sistema-gestion-salud/tabla-enfermedad-laboral 200 in 63ms
 GET /login 200 in 26ms
 ✓ Compiled in 418ms (1155 modules)
 GET /modulo-talento/carpeta-sistema-gestion-salud/tabla-enfermedad-laboral 200 in 55ms
 GET /login 200 in 25ms
 GET /modulo-talento/carpeta-sistema-gestion-salud/tabla-enfermedad-laboral 200 in 287ms
 GET /modulo-talento/carpeta-sistema-gestion-salud/tabla-enfermedad-laboral 200 in 93ms
 ○ Compiling /modulo-talento/carpeta-disciplinario/tabla-control-disciplinario ...
 GET /modulo-talento/carpeta-sistema-gestion-salud/tabla-enfermedad-laboral 200 in 1161ms
 ✓ Compiled /modulo-talento/carpeta-disciplinario/tabla-control-disciplinario in 3.3s (665 modules)
 GET /modulo-talento/carpeta-disciplinario/tabla-control-disciplinario 200 in 3724ms
 GET /login 200 in 41ms
 ○ Compiling / ...
 ✓ Compiled / in 1703ms (670 modules)
 GET / 200 in 1802ms
 ○ Compiling /modulo-talento ...
 ✓ Compiled /modulo-talento in 1329ms (660 modules)
 GET /modulo-talento 200 in 1786ms
 ○ Compiling /modulo-talento/carpeta-formador-talento ...
 ✓ Compiled /modulo-talento/carpeta-formador-talento in 2.1s (661 modules)
 GET /modulo-talento/carpeta-formador-talento 200 in 2583ms
 ○ Compiling /modulo-talento/carpeta-formador-talento/tabla-formacion ...
 ✓ Compiled /modulo-talento/carpeta-formador-talento/tabla-formacion in 736ms (669 modules)
 GET /modulo-talento/carpeta-formador-talento/tabla-formacion 200 in 965ms
 GET /modulo-talento/carpeta-formador-talento/tabla-formacion 200 in 18ms
 GET /modulo-talento/carpeta-formador-talento/tabla-formacion 200 in 36ms
 ○ Compiling /modulo-talento/carpeta-sistema-gestion-salud ...
 ✓ Compiled /modulo-talento/carpeta-sistema-gestion-salud in 849ms (658 modules)
 GET /modulo-talento/carpeta-sistema-gestion-salud 200 in 1052ms
 ○ Compiling /modulo-talento/carpeta-sistema-gestion-salud/tabla-enfermedad-laboral ...
 ✓ Compiled /modulo-talento/carpeta-sistema-gestion-salud/tabla-enfermedad-laboral in 636ms (666 modules)
 GET /modulo-talento/carpeta-sistema-gestion-salud/tabla-enfermedad-laboral 200 in 943ms
 GET /modulo-talento/carpeta-sistema-gestion-salud/tabla-enfermedad-laboral 200 in 306ms
 ✓ Compiled in 2s (1151 modules)
 GET /modulo-talento/carpeta-sistema-gestion-salud/tabla-enfermedad-laboral 200 in 66ms
 GET /login 200 in 26ms
 GET /modulo-talento/carpeta-sistema-gestion-salud/tabla-enfermedad-laboral 200 in 330ms
 GET /modulo-talento/carpeta-sistema-gestion-salud/tabla-enfermedad-laboral 200 in 58ms
 GET /modulo-talento/carpeta-sistema-gestion-salud/tabla-enfermedad-laboral 200 in 83ms
 ✓ Compiled in 1852ms (1151 modules)
 GET /modulo-talento/carpeta-sistema-gestion-salud/tabla-enfermedad-laboral 200 in 64ms
 GET /login 200 in 25ms
 GET /modulo-talento/carpeta-sistema-gestion-salud/tabla-enfermedad-laboral 200 in 334ms
 ✓ Compiled in 1867ms (1151 modules)
 GET /modulo-talento/carpeta-sistema-gestion-salud/tabla-enfermedad-laboral 200 in 62ms
 GET /login 200 in 25ms
 GET /modulo-talento/carpeta-sistema-gestion-salud/tabla-enfermedad-laboral 200 in 234ms
 GET /modulo-talento/carpeta-sistema-gestion-salud/tabla-enfermedad-laboral 200 in 64ms
 ✓ Compiled in 2.9s (1151 modules)
 GET /modulo-talento/carpeta-sistema-gestion-salud/tabla-enfermedad-laboral 200 in 87ms
 GET /login 200 in 26ms
 GET /modulo-talento/carpeta-sistema-gestion-salud/tabla-enfermedad-laboral 200 in 371ms
 ✓ Compiled in 1797ms (1151 modules)
 GET /modulo-talento/carpeta-sistema-gestion-salud/tabla-enfermedad-laboral 200 in 97ms
 GET /login 200 in 55ms
 GET /modulo-talento/carpeta-sistema-gestion-salud 200 in 54ms
 ○ Compiling /modulo-talento/carpeta-sistema-gestion-salud/tabla-plan-trabajo ...
 ✓ Compiled /modulo-talento/carpeta-sistema-gestion-salud/tabla-plan-trabajo in 2.8s (1144 modules)
 GET /modulo-talento/carpeta-sistema-gestion-salud/tabla-plan-trabajo 200 in 2926ms
 ✓ Compiled in 2.1s (1156 modules)
 GET /modulo-talento/carpeta-sistema-gestion-salud/tabla-plan-trabajo 200 in 90ms
 GET /login 200 in 27ms
 ✓ Compiled in 175ms (503 modules)
 GET /modulo-talento/carpeta-sistema-gestion-salud/tabla-plan-trabajo 200 in 31ms
 GET /login 200 in 20ms
 ✓ Compiled in 144ms (503 modules)
 GET /modulo-talento/carpeta-sistema-gestion-salud/tabla-plan-trabajo 200 in 33ms
 GET /login 200 in 20ms
 ✓ Compiled in 1936ms (1158 modules)
 GET /modulo-talento/carpeta-sistema-gestion-salud/tabla-plan-trabajo 200 in 82ms
 ⚠ Fast Refresh had to perform a full reload. Read more: https://nextjs.org/docs/messages/fast-refresh-reload
 GET /modulo-talento/carpeta-sistema-gestion-salud/tabla-plan-trabajo 200 in 320ms
 GET /login 200 in 26ms
 ✓ Compiled in 2.1s (1158 modules)
 GET /modulo-talento/carpeta-sistema-gestion-salud/tabla-plan-trabajo 200 in 86ms
Each child in a list should have a unique "key" prop.

Check the render method of `GestionesTable`. See https://react.dev/link/warning-keys for more information.
 ⚠ Fast Refresh had to perform a full reload. Read more: https://nextjs.org/docs/messages/fast-refresh-reload
 GET /modulo-talento/carpeta-sistema-gestion-salud/tabla-plan-trabajo 200 in 270ms
 GET /login 200 in 29ms
 ✓ Compiled in 1976ms (1158 modules)
 GET /modulo-talento/carpeta-sistema-gestion-salud/tabla-plan-trabajo 200 in 71ms
 GET /login 200 in 38ms
 ✓ Compiled in 379ms (1158 modules)
 GET /modulo-talento/carpeta-sistema-gestion-salud/tabla-plan-trabajo 200 in 56ms
 GET /login 200 in 25ms
Each child in a list should have a unique "key" prop.

Check the render method of `GestionesTable`. See https://react.dev/link/warning-keys for more information.
 GET /modulo-talento/carpeta-sistema-gestion-salud/tabla-plan-trabajo 200 in 294ms
 ✓ Compiled in 1926ms (1158 modules)
 GET /modulo-talento/carpeta-sistema-gestion-salud/tabla-plan-trabajo 200 in 88ms
 GET /login 200 in 27ms
 ✓ Compiled in 374ms (1158 modules)
 GET /modulo-talento/carpeta-sistema-gestion-salud/tabla-plan-trabajo 200 in 54ms
 GET /login 200 in 23ms
Each child in a list should have a unique "key" prop.

Check the render method of `GestionesTable`. See https://react.dev/link/warning-keys for more information.
 GET /modulo-talento/carpeta-sistema-gestion-salud/tabla-plan-trabajo 200 in 238ms
 ✓ Compiled in 1931ms (1158 modules)
 GET /modulo-talento/carpeta-sistema-gestion-salud/tabla-plan-trabajo 200 in 95ms
 GET /login 200 in 26ms
Each child in a list should have a unique "key" prop.

Check the render method of `GestionesTable`. See https://react.dev/link/warning-keys for more information.
 GET /modulo-talento/carpeta-sistema-gestion-salud/tabla-plan-trabajo 200 in 257ms
 ✓ Compiled in 2s (1158 modules)
 GET /modulo-talento/carpeta-sistema-gestion-salud/tabla-plan-trabajo 200 in 83ms
 GET /login 200 in 26ms
Each child in a list should have a unique "key" prop.

Check the render method of `GestionesTable`. See https://react.dev/link/warning-keys for more information.
 GET /modulo-talento/carpeta-sistema-gestion-salud/tabla-plan-trabajo 200 in 406ms
 ✓ Compiled in 2s (1158 modules)
 GET /modulo-talento/carpeta-sistema-gestion-salud/tabla-plan-trabajo 200 in 87ms
 GET /login 200 in 25ms
Each child in a list should have a unique "key" prop.

Check the render method of `GestionesTable`. See https://react.dev/link/warning-keys for more information.
 GET /modulo-talento/carpeta-sistema-gestion-salud/tabla-plan-trabajo 200 in 372ms
 ✓ Compiled in 3.1s (1158 modules)
 GET /modulo-talento/carpeta-sistema-gestion-salud/tabla-plan-trabajo 200 in 69ms
 GET /login 200 in 24ms
 ✓ Compiled in 2.1s (1158 modules)
 GET /modulo-talento/carpeta-sistema-gestion-salud/tabla-plan-trabajo 200 in 83ms
 GET /login 200 in 25ms
Each child in a list should have a unique "key" prop.

Check the render method of `GestionesTable`. See https://react.dev/link/warning-keys for more information.
 GET /modulo-talento/carpeta-sistema-gestion-salud/tabla-plan-trabajo 200 in 987ms
Each child in a list should have a unique "key" prop.

Check the render method of `GestionesTable`. See https://react.dev/link/warning-keys for more information.
 GET /modulo-talento/carpeta-sistema-gestion-salud/tabla-plan-trabajo 200 in 87ms
 ✓ Compiled in 2.1s (1158 modules)
 GET /modulo-talento/carpeta-sistema-gestion-salud/tabla-plan-trabajo 200 in 85ms
 GET /login 200 in 27ms
Each child in a list should have a unique "key" prop.

Check the render method of `GestionesTable`. See https://react.dev/link/warning-keys for more information.
 GET /modulo-talento/carpeta-sistema-gestion-salud/tabla-plan-trabajo 200 in 297ms
 GET /modulo-talento/carpeta-sistema-gestion-salud 200 in 37ms
 ○ Compiling /modulo-talento/carpeta-sistema-gestion-salud/tabla-programa ...
 ✓ Compiled /modulo-talento/carpeta-sistema-gestion-salud/tabla-programa in 3s (1151 modules)
 GET /modulo-talento/carpeta-sistema-gestion-salud/tabla-programa 200 in 3132ms
 ✓ Compiled in 979ms (506 modules)
 GET /modulo-talento/carpeta-sistema-gestion-salud/tabla-programa 200 in 40ms
 GET /login 200 in 29ms
 ⨯ ./app/modulo-talento/carpeta-sistema-gestion-salud/tabla-programa/page.js
Error:   [31mx[0m The "use client" directive must be placed before other expressions. Move it to the top of the file to resolve this issue.
     ,-[[36;1;4m/home/desarrollo/Coofisam360-Frontend/app/modulo-talento/carpeta-sistema-gestion-salud/tabla-programa/page.js[0m:322:1]
 [2m319[0m |     </main>
 [2m320[0m |   );
 [2m321[0m | }
 [2m322[0m | "use client";
     : [35;1m^^^^^^^^^^^^^[0m
 [2m323[0m | import { useEffect, useMemo, useState } from "react";
 [2m324[0m | import { FaRegSave } from "react-icons/fa";
 [2m325[0m | import { FiDownload } from "react-icons/fi";
     `----

Import trace for requested module:
./app/modulo-talento/carpeta-sistema-gestion-salud/tabla-programa/page.js
 GET /modulo-talento/carpeta-sistema-gestion-salud/tabla-programa 500 in 19ms
 GET /modulo-talento/carpeta-sistema-gestion-salud/tabla-programa 500 in 13ms
 GET /login 500 in 14ms
 GET /login 500 in 22ms
 GET /modulo-talento/carpeta-sistema-gestion-salud/tabla-programa 500 in 13ms
 ⚠ Fast Refresh had to perform a full reload due to a runtime error.
 ⨯ ./app/modulo-talento/carpeta-sistema-gestion-salud/tabla-programa/page.js
Error:   [31mx[0m The "use client" directive must be placed before other expressions. Move it to the top of the file to resolve this issue.
     ,-[[36;1;4m/home/desarrollo/Coofisam360-Frontend/app/modulo-talento/carpeta-sistema-gestion-salud/tabla-programa/page.js[0m:309:1]
 [2m306[0m |     </main>
 [2m307[0m |   );
 [2m308[0m | }
 [2m309[0m | "use client";
     : [35;1m^^^^^^^^^^^^^[0m
 [2m310[0m | import { useEffect, useMemo, useState } from "react";
 [2m311[0m | import { FaRegSave } from "react-icons/fa";
 [2m312[0m | import { FiDownload } from "react-icons/fi";
     `----

Import trace for requested module:
./app/modulo-talento/carpeta-sistema-gestion-salud/tabla-programa/page.js
 ⚠ Fast Refresh had to perform a full reload. Read more: https://nextjs.org/docs/messages/fast-refresh-reload
 ⚠ Fast Refresh had to perform a full reload due to a runtime error.
 ⨯ ./app/modulo-talento/carpeta-sistema-gestion-salud/tabla-programa/page.js
Error:   [31mx[0m The "use client" directive must be placed before other expressions. Move it to the top of the file to resolve this issue.
     ,-[[36;1;4m/home/desarrollo/Coofisam360-Frontend/app/modulo-talento/carpeta-sistema-gestion-salud/tabla-programa/page.js[0m:309:1]
 [2m306[0m |     </main>
 [2m307[0m |   );
 [2m308[0m | }
 [2m309[0m | "use client";
     : [35;1m^^^^^^^^^^^^^[0m
 [2m310[0m | import { useEffect, useMemo, useState } from "react";
 [2m311[0m | import { FaRegSave } from "react-icons/fa";
 [2m312[0m | import { FiDownload } from "react-icons/fi";
     `----

Import trace for requested module:
./app/modulo-talento/carpeta-sistema-gestion-salud/tabla-programa/page.js
 ⚠ Fast Refresh had to perform a full reload. Read more: https://nextjs.org/docs/messages/fast-refresh-reload
 ⨯ ./app/modulo-talento/carpeta-sistema-gestion-salud/tabla-programa/page.js
Error:   [31mx[0m The "use client" directive must be placed before other expressions. Move it to the top of the file to resolve this issue.
     ,-[[36;1;4m/home/desarrollo/Coofisam360-Frontend/app/modulo-talento/carpeta-sistema-gestion-salud/tabla-programa/page.js[0m:309:1]
 [2m306[0m |     </main>
 [2m307[0m |   );
 [2m308[0m | }
 [2m309[0m | "use client";
     : [35;1m^^^^^^^^^^^^^[0m
 [2m310[0m | import { useEffect, useMemo, useState } from "react";
 [2m311[0m | import { FaRegSave } from "react-icons/fa";
 [2m312[0m | import { FiDownload } from "react-icons/fi";
     `----

Import trace for requested module:
./app/modulo-talento/carpeta-sistema-gestion-salud/tabla-programa/page.js
 ⨯ ./app/modulo-talento/carpeta-sistema-gestion-salud/tabla-programa/page.js
Error:   [31mx[0m The "use client" directive must be placed before other expressions. Move it to the top of the file to resolve this issue.
     ,-[[36;1;4m/home/desarrollo/Coofisam360-Frontend/app/modulo-talento/carpeta-sistema-gestion-salud/tabla-programa/page.js[0m:309:1]
 [2m306[0m |     </main>
 [2m307[0m |   );
 [2m308[0m | }
 [2m309[0m | "use client";
     : [35;1m^^^^^^^^^^^^^[0m
 [2m310[0m | import { useEffect, useMemo, useState } from "react";
 [2m311[0m | import { FaRegSave } from "react-icons/fa";
 [2m312[0m | import { FiDownload } from "react-icons/fi";
     `----

Import trace for requested module:
./app/modulo-talento/carpeta-sistema-gestion-salud/tabla-programa/page.js
 ⚠ Fast Refresh had to perform a full reload due to a runtime error.
 GET /modulo-talento/carpeta-sistema-gestion-salud/tabla-programa 200 in 220ms
 ⨯ ./app/modulo-talento/carpeta-sistema-gestion-salud/tabla-programa/page.js
Error:   [31mx[0m The "use client" directive must be placed before other expressions. Move it to the top of the file to resolve this issue.
     ,-[[36;1;4m/home/desarrollo/Coofisam360-Frontend/app/modulo-talento/carpeta-sistema-gestion-salud/tabla-programa/page.js[0m:309:1]
 [2m306[0m |     </main>
 [2m307[0m |   );
 [2m308[0m | }
 [2m309[0m | "use client";
     : [35;1m^^^^^^^^^^^^^[0m
 [2m310[0m | import { useEffect, useMemo, useState } from "react";
 [2m311[0m | import { FaRegSave } from "react-icons/fa";
 [2m312[0m | import { FiDownload } from "react-icons/fi";
     `----

Import trace for requested module:
./app/modulo-talento/carpeta-sistema-gestion-salud/tabla-programa/page.js
 GET /login 500 in 789ms
 GET /modulo-talento/carpeta-sistema-gestion-salud/tabla-programa 500 in 24ms
 ⚠ Fast Refresh had to perform a full reload due to a runtime error.
 GET /modulo-talento/carpeta-sistema-gestion-salud/tabla-programa 500 in 13ms
 ⚠ Fast Refresh had to perform a full reload. Read more: https://nextjs.org/docs/messages/fast-refresh-reload
 GET /modulo-talento/carpeta-sistema-gestion-salud/tabla-programa 500 in 14ms
 ✓ Compiled in 179ms (504 modules)
 ⚠ Fast Refresh had to perform a full reload due to a runtime error.
 ⚠ Fast Refresh had to perform a full reload. Read more: https://nextjs.org/docs/messages/fast-refresh-reload
 ○ Compiling /_not-found ...
 ⚠ Fast Refresh had to perform a full reload due to a runtime error.
 ⚠ Fast Refresh had to perform a full reload. Read more: https://nextjs.org/docs/messages/fast-refresh-reload
 ⚠ Fast Refresh had to perform a full reload due to a runtime error.
 ⚠ Fast Refresh had to perform a full reload. Read more: https://nextjs.org/docs/messages/fast-refresh-reload
 ✓ Compiled /_not-found in 5s (1140 modules)
 GET /modulo-talento/carpeta-sistema-gestion-salud/tabla-programa 404 in 166ms
 GET /login 200 in 1153ms
 GET /modulo-talento/carpeta-sistema-gestion-salud 200 in 46ms
 GET /modulo-talento/carpeta-sistema-gestion-salud/tabla-programa 404 in 10ms
 GET /modulo-talento/carpeta-sistema-gestion-salud/tabla-programa 404 in 31ms
 GET /modulo-talento/carpeta-sistema-gestion-salud 200 in 80ms
 ○ Compiling /modulo-talento/carpeta-sistema-gestion-salud/tabla-accidentalidad ...
 ✓ Compiled /modulo-talento/carpeta-sistema-gestion-salud/tabla-accidentalidad in 3s (652 modules)
 GET /modulo-talento/carpeta-sistema-gestion-salud/tabla-accidentalidad 200 in 3163ms
 GET /modulo-talento/carpeta-sistema-gestion-salud/tabla-accidentalidad 200 in 16ms
 GET /modulo-talento/carpeta-sistema-gestion-salud/tabla-accidentalidad 200 in 726ms
 GET /modulo-talento/carpeta-sistema-gestion-salud/tabla-enfermedad-laboral 200 in 44ms
 GET /modulo-talento/carpeta-sistema-gestion-salud/tabla-plan-trabajo 200 in 25ms
 ✓ Compiled in 2.6s (1141 modules)
 GET /login 200 in 1579ms
 GET /modulo-talento/carpeta-sistema-gestion-salud 200 in 1772ms
 GET /modulo-talento/carpeta-sistema-gestion-salud 200 in 21ms
 GET /login 200 in 18ms
 ○ Compiling /modulo-talento/carpeta-sistema-gestion-salud/tabla-programa ...
 ✓ Compiled /modulo-talento/carpeta-sistema-gestion-salud/tabla-programa in 3.8s (1150 modules)
 GET /modulo-talento/carpeta-sistema-gestion-salud/tabla-programa 200 in 4065ms
 ○ Compiling /modulo-talento/carpeta-sistema-gestion-salud/tabla-ausentismo ...
 ✓ Compiled /modulo-talento/carpeta-sistema-gestion-salud/tabla-ausentismo in 2.1s (663 modules)
 GET /modulo-talento/carpeta-sistema-gestion-salud/tabla-ausentismo 200 in 2172ms
 GET /modulo-talento/carpeta-sistema-gestion-salud/tabla-programa 200 in 41ms
 ✓ Compiled in 2.2s (1156 modules)
 GET /modulo-talento/carpeta-sistema-gestion-salud/tabla-programa 200 in 115ms
 GET /login 200 in 28ms
 ○ Compiling /modulo-talento/carpeta-sistema-gestion-salud/tabla-restricciones-laborales ...
 ✓ Compiled /modulo-talento/carpeta-sistema-gestion-salud/tabla-restricciones-laborales in 2.5s (1151 modules)
 GET /modulo-talento/carpeta-sistema-gestion-salud/tabla-restricciones-laborales 200 in 2553ms
 ○ Compiling /modulo-talento/carpeta-sistema-gestion-salud/tabla-reporte-ministerio ...
 ✓ Compiled /modulo-talento/carpeta-sistema-gestion-salud/tabla-reporte-ministerio in 2s (1160 modules)
 GET /modulo-talento/carpeta-sistema-gestion-salud/tabla-reporte-ministerio 200 in 2309ms
 ✓ Compiled in 3.6s (1149 modules)
 GET /modulo-talento/carpeta-sistema-gestion-salud/tabla-reporte-ministerio 200 in 2774ms
 GET /login 200 in 2532ms
 GET /modulo-talento/carpeta-sistema-gestion-salud/tabla-reporte-ministerio 200 in 31ms
 GET /login 200 in 21ms
 ○ Compiling /modulo-talento/carpeta-sistema-gestion-salud/tabla-programa ...
 ✓ Compiled /modulo-talento/carpeta-sistema-gestion-salud/tabla-programa in 613ms (656 modules)
 GET /modulo-talento/carpeta-sistema-gestion-salud/tabla-programa 200 in 1097ms
 ✓ Compiled in 3.2s (1156 modules)
 GET /modulo-talento/carpeta-sistema-gestion-salud/tabla-programa 200 in 201ms
 GET /login 200 in 29ms
 ✓ Compiled in 165ms (513 modules)
 ✓ Compiled in 561ms (1142 modules)
 GET /modulo-talento/carpeta-sistema-gestion-salud/tabla-programa 200 in 638ms
 GET /login 200 in 445ms
 GET /modulo-talento/carpeta-sistema-gestion-salud/tabla-programa 200 in 30ms
 GET /login 200 in 36ms
 GET /modulo-talento/carpeta-sistema-gestion-salud/tabla-programa 200 in 44ms
 GET /login 200 in 19ms
Each child in a list should have a unique "key" prop.

Check the render method of `GestionesTable`. See https://react.dev/link/warning-keys for more information.
 GET /modulo-talento/carpeta-sistema-gestion-salud/tabla-programa 200 in 414ms
 ○ Compiling /modulo-talento/carpeta-sistema-gestion-salud ...
 ✓ Compiled /modulo-talento/carpeta-sistema-gestion-salud in 3.1s (657 modules)
 GET /modulo-talento/carpeta-sistema-gestion-salud 200 in 3364ms
 GET /modulo-talento/carpeta-sistema-gestion-salud/tabla-programa 200 in 27ms
 ✓ Compiled in 3.2s (1164 modules)
 GET /modulo-talento/carpeta-sistema-gestion-salud/tabla-programa 200 in 126ms
 GET /login 200 in 60ms
 GET /login 200 in 208ms
 ○ Compiling / ...
 ⨯ [Error: ENOSPC: no space left on device, write] {
  errno: -28,
  code: 'ENOSPC',
  syscall: 'write'
}
[Error: ENOSPC: no space left on device, write] {
  errno: -28,
  code: 'ENOSPC',
  syscall: 'write'
}
[Error: ENOSPC: no space left on device, write] {
  errno: -28,
  code: 'ENOSPC',
  syscall: 'write'
}
[Error: ENOSPC: no space left on device, write] {
  errno: -28,
  code: 'ENOSPC',
  syscall: 'write'
}
 ⨯ unhandledRejection: [Error: ENOSPC: no space left on device, write] {
  errno: -28,
  code: 'ENOSPC',
  syscall: 'write'
}
 ⨯ unhandledRejection:  [Error: ENOSPC: no space left on device, write] {
  errno: -28,
  code: 'ENOSPC',
  syscall: 'write'
}
[Error: ENOSPC: no space left on device, write] {
  errno: -28,
  code: 'ENOSPC',
  syscall: 'write'
}
 ⨯ unhandledRejection: [Error: ENOSPC: no space left on device, write] {
  errno: -28,
  code: 'ENOSPC',
  syscall: 'write'
}
 ⨯ unhandledRejection:  [Error: ENOSPC: no space left on device, write] {
  errno: -28,
  code: 'ENOSPC',
  syscall: 'write'
}
[Error: ENOSPC: no space left on device, write] {
  errno: -28,
  code: 'ENOSPC',
  syscall: 'write'
}
 ⨯ unhandledRejection: [Error: ENOSPC: no space left on device, write] {
  errno: -28,
  code: 'ENOSPC',
  syscall: 'write'
}
 ⨯ unhandledRejection:  [Error: ENOSPC: no space left on device, write] {
  errno: -28,
  code: 'ENOSPC',
  syscall: 'write'
}
<w> [webpack.cache.PackFileCacheStrategy] Caching failed for pack: Error: ENOSPC: no space left on device, write
 ⨯ [Error: ENOSPC: no space left on device, write] {
  errno: -28,
  code: 'ENOSPC',
  syscall: 'write'
}
[Error: ENOSPC: no space left on device, write] {
  errno: -28,
  code: 'ENOSPC',
  syscall: 'write'
}
[Error: ENOSPC: no space left on device, write] {
  errno: -28,
  code: 'ENOSPC',
  syscall: 'write'
}
 ⨯ [Error: ENOSPC: no space left on device, write] {
  errno: -28,
  code: 'ENOSPC',
  syscall: 'write'
}
[Error: ENOSPC: no space left on device, write] {
  errno: -28,
  code: 'ENOSPC',
  syscall: 'write'
}
[Error: ENOSPC: no space left on device, write] {
  errno: -28,
  code: 'ENOSPC',
  syscall: 'write'
}
 ⨯ [Error: ENOSPC: no space left on device, write] {
  errno: -28,
  code: 'ENOSPC',
  syscall: 'write'
}
[Error: ENOSPC: no space left on device, write] {
  errno: -28,
  code: 'ENOSPC',
  syscall: 'write'
}
[Error: ENOSPC: no space left on device, write] {
  errno: -28,
  code: 'ENOSPC',
  syscall: 'write'
}
 ⨯ [Error: ENOSPC: no space left on device, write] {
  errno: -28,
  code: 'ENOSPC',
  sysc[Error: ENOSPC: no space left on device, write] {
  errno: -28,
  syscall: 'write',
  code: 'ENOSPC'
}
 ⨯ uncaughtException: [Error: ENOSPC: no space left on device, write] {
  errno: -28,
  syscall: 'write',
  code: 'ENOSPC'
}
 ⨯ uncaughtException:  [Error: ENOSPC: no space left on device, write] {
  errno: -28,
  syscall: 'write',
  code: 'ENOSPC'
}
 ⨯ [Error: ENOSPC: no space left on device, write] {
  errno: -28,
  code: 'ENOSPC',
  syscall: 'write'
}
[Error: ENOSPC: no space left on device, write] {
  errno: -28,
  code: 'ENOSPC',
  syscall: 'write'
}
[Error: ENOSPC: no space left on device, write] {
  errno: -28,
  code: 'ENOSPC',
  syscall: 'write'
}
 ⨯ [Error: ENOSPC: no space left on device, write] {
  errno: -28,
  code: 'ENOSPC',
  syscall: 'write'
}
[Error: ENOSPC: no space left on device, write] {
  errno: -28,
  code: 'ENOSPC',
  syscall: 'write'
}
[Error: ENOSPC: no space left on device, write] {
  errno: -28,
  code: 'ENOSPC',
  syscall: 'write'
}
 ⨯ [Error: ENOSPC: no space left on device, write] {
  errno: -28,
  code: 'ENOSPC',
  syscall: 'write'
}
[Error: ENOSPC: no space left on device, write] {
  errno: -28,
  code: 'ENOSPC',
  syscall: 'write'
}
[Error: ENOSPC: no space left on device, write] {
  errno: -28,
  code: 'ENOSPC',
  syscall: 'write'
}
